Archive member included to satisfy reference by file (symbol)

C:/ST/STM32CubeIDE_1.14.0/STM32CubeIDE/plugins/com.st.stm32cube.ide.mcu.externaltools.gnu-tools-for-stm32.11.3.rel1.win32_1.1.100.202309141235/tools/bin/../lib/gcc/arm-none-eabi/11.3.1/../../../../arm-none-eabi/lib/thumb/v7e-m+fp/hard\libc_nano.a(libc_a-exit.o)
                              C:/ST/STM32CubeIDE_1.14.0/STM32CubeIDE/plugins/com.st.stm32cube.ide.mcu.externaltools.gnu-tools-for-stm32.11.3.rel1.win32_1.1.100.202309141235/tools/bin/../lib/gcc/arm-none-eabi/11.3.1/../../../../arm-none-eabi/lib/thumb/v7e-m+fp/hard/crt0.o (exit)
C:/ST/STM32CubeIDE_1.14.0/STM32CubeIDE/plugins/com.st.stm32cube.ide.mcu.externaltools.gnu-tools-for-stm32.11.3.rel1.win32_1.1.100.202309141235/tools/bin/../lib/gcc/arm-none-eabi/11.3.1/../../../../arm-none-eabi/lib/thumb/v7e-m+fp/hard\libc_nano.a(libc_a-findfp.o)
                              C:/ST/STM32CubeIDE_1.14.0/STM32CubeIDE/plugins/com.st.stm32cube.ide.mcu.externaltools.gnu-tools-for-stm32.11.3.rel1.win32_1.1.100.202309141235/tools/bin/../lib/gcc/arm-none-eabi/11.3.1/../../../../arm-none-eabi/lib/thumb/v7e-m+fp/hard\libc_nano.a(libc_a-exit.o) (__stdio_exit_handler)
C:/ST/STM32CubeIDE_1.14.0/STM32CubeIDE/plugins/com.st.stm32cube.ide.mcu.externaltools.gnu-tools-for-stm32.11.3.rel1.win32_1.1.100.202309141235/tools/bin/../lib/gcc/arm-none-eabi/11.3.1/../../../../arm-none-eabi/lib/thumb/v7e-m+fp/hard\libc_nano.a(libc_a-fwalk.o)
                              C:/ST/STM32CubeIDE_1.14.0/STM32CubeIDE/plugins/com.st.stm32cube.ide.mcu.externaltools.gnu-tools-for-stm32.11.3.rel1.win32_1.1.100.202309141235/tools/bin/../lib/gcc/arm-none-eabi/11.3.1/../../../../arm-none-eabi/lib/thumb/v7e-m+fp/hard\libc_nano.a(libc_a-findfp.o) (_fwalk_sglue)
C:/ST/STM32CubeIDE_1.14.0/STM32CubeIDE/plugins/com.st.stm32cube.ide.mcu.externaltools.gnu-tools-for-stm32.11.3.rel1.win32_1.1.100.202309141235/tools/bin/../lib/gcc/arm-none-eabi/11.3.1/../../../../arm-none-eabi/lib/thumb/v7e-m+fp/hard\libc_nano.a(libc_a-sprintf.o)
                              ./Src/main.o (sprintf)
C:/ST/STM32CubeIDE_1.14.0/STM32CubeIDE/plugins/com.st.stm32cube.ide.mcu.externaltools.gnu-tools-for-stm32.11.3.rel1.win32_1.1.100.202309141235/tools/bin/../lib/gcc/arm-none-eabi/11.3.1/../../../../arm-none-eabi/lib/thumb/v7e-m+fp/hard\libc_nano.a(libc_a-stdio.o)
                              C:/ST/STM32CubeIDE_1.14.0/STM32CubeIDE/plugins/com.st.stm32cube.ide.mcu.externaltools.gnu-tools-for-stm32.11.3.rel1.win32_1.1.100.202309141235/tools/bin/../lib/gcc/arm-none-eabi/11.3.1/../../../../arm-none-eabi/lib/thumb/v7e-m+fp/hard\libc_nano.a(libc_a-findfp.o) (__sread)
C:/ST/STM32CubeIDE_1.14.0/STM32CubeIDE/plugins/com.st.stm32cube.ide.mcu.externaltools.gnu-tools-for-stm32.11.3.rel1.win32_1.1.100.202309141235/tools/bin/../lib/gcc/arm-none-eabi/11.3.1/../../../../arm-none-eabi/lib/thumb/v7e-m+fp/hard\libc_nano.a(libc_a-memset.o)
                              C:/ST/STM32CubeIDE_1.14.0/STM32CubeIDE/plugins/com.st.stm32cube.ide.mcu.externaltools.gnu-tools-for-stm32.11.3.rel1.win32_1.1.100.202309141235/tools/bin/../lib/gcc/arm-none-eabi/11.3.1/../../../../arm-none-eabi/lib/thumb/v7e-m+fp/hard/crt0.o (memset)
C:/ST/STM32CubeIDE_1.14.0/STM32CubeIDE/plugins/com.st.stm32cube.ide.mcu.externaltools.gnu-tools-for-stm32.11.3.rel1.win32_1.1.100.202309141235/tools/bin/../lib/gcc/arm-none-eabi/11.3.1/../../../../arm-none-eabi/lib/thumb/v7e-m+fp/hard\libc_nano.a(libc_a-closer.o)
                              C:/ST/STM32CubeIDE_1.14.0/STM32CubeIDE/plugins/com.st.stm32cube.ide.mcu.externaltools.gnu-tools-for-stm32.11.3.rel1.win32_1.1.100.202309141235/tools/bin/../lib/gcc/arm-none-eabi/11.3.1/../../../../arm-none-eabi/lib/thumb/v7e-m+fp/hard\libc_nano.a(libc_a-stdio.o) (_close_r)
C:/ST/STM32CubeIDE_1.14.0/STM32CubeIDE/plugins/com.st.stm32cube.ide.mcu.externaltools.gnu-tools-for-stm32.11.3.rel1.win32_1.1.100.202309141235/tools/bin/../lib/gcc/arm-none-eabi/11.3.1/../../../../arm-none-eabi/lib/thumb/v7e-m+fp/hard\libc_nano.a(libc_a-reent.o)
                              C:/ST/STM32CubeIDE_1.14.0/STM32CubeIDE/plugins/com.st.stm32cube.ide.mcu.externaltools.gnu-tools-for-stm32.11.3.rel1.win32_1.1.100.202309141235/tools/bin/../lib/gcc/arm-none-eabi/11.3.1/../../../../arm-none-eabi/lib/thumb/v7e-m+fp/hard\libc_nano.a(libc_a-closer.o) (errno)
C:/ST/STM32CubeIDE_1.14.0/STM32CubeIDE/plugins/com.st.stm32cube.ide.mcu.externaltools.gnu-tools-for-stm32.11.3.rel1.win32_1.1.100.202309141235/tools/bin/../lib/gcc/arm-none-eabi/11.3.1/../../../../arm-none-eabi/lib/thumb/v7e-m+fp/hard\libc_nano.a(libc_a-impure.o)
                              C:/ST/STM32CubeIDE_1.14.0/STM32CubeIDE/plugins/com.st.stm32cube.ide.mcu.externaltools.gnu-tools-for-stm32.11.3.rel1.win32_1.1.100.202309141235/tools/bin/../lib/gcc/arm-none-eabi/11.3.1/../../../../arm-none-eabi/lib/thumb/v7e-m+fp/hard\libc_nano.a(libc_a-sprintf.o) (_impure_ptr)
[...]
Memory Configuration

Name             Origin             Length             Attributes
CCMSRAM          0x0000000010000000 0x0000000000008000 xrw
RAM              0x0000000020000000 0x0000000000020000 xrw
FLASH            0x0000000008000000 0x0000000000080000 xr
*default*        0x0000000000000000 0xffffffffffffffff

Linker script and memory map

LOAD C:/ST/STM32CubeIDE_1.14.0/STM32CubeIDE/plugins/com.st.stm32cube.ide.mcu.externaltools.gnu-tools-for-stm32.11.3.rel1.win32_1.1.100.202309141235/tools/bin/../lib/gcc/arm-none-eabi/11.3.1/thumb/v7e-m+fp/hard/crti.o
LOAD C:/ST/STM32CubeIDE_1.14.0/STM32CubeIDE/plugins/com.st.stm32cube.ide.mcu.externaltools.gnu-tools-for-stm32.11.3.rel1.win32_1.1.100.202309141235/tools/bin/../lib/gcc/arm-none-eabi/11.3.1/thumb/v7e-m+fp/hard/crtbegin.o
LOAD C:/ST/STM32CubeIDE_1.14.0/STM32CubeIDE/plugins/com.st.stm32cube.ide.mcu.externaltools.gnu-tools-for-stm32.11.3.rel1.win32_1.1.100.202309141235/tools/bin/../lib/gcc/arm-none-eabi/11.3.1/../../../../arm-none-eabi/lib/thumb/v7e-m+fp/hard/crt0.o
LOAD ./Src/interrupts.o
LOAD ./Src/led.o
LOAD ./Src/lpuart.o
LOAD ./Src/main.o
LOAD ./Src/ring_buffer.o
LOAD ./Src/software_timers.o
LOAD ./Src/sys_clocks.o
LOAD ./Src/syscalls.o
LOAD ./Src/sysmem.o
LOAD ./Src/tester.o
LOAD ./Startup/startup_stm32g474retx.o
START GROUP
LOAD C:/ST/STM32CubeIDE_1.14.0/STM32CubeIDE/plugins/com.st.stm32cube.ide.mcu.externaltools.gnu-tools-for-stm32.11.3.rel1.win32_1.1.100.202309141235/tools/bin/../lib/gcc/arm-none-eabi/11.3.1/../../../../arm-none-eabi/lib/thumb/v7e-m+fp/hard\libc_nano.a
LOAD C:/ST/STM32CubeIDE_1.14.0/STM32CubeIDE/plugins/com.st.stm32cube.ide.mcu.externaltools.gnu-tools-for-stm32.11.3.rel1.win32_1.1.100.202309141235/tools/bin/../lib/gcc/arm-none-eabi/11.3.1/../../../../arm-none-eabi/lib/thumb/v7e-m+fp/hard\libm.a
END GROUP
START GROUP
LOAD C:/ST/STM32CubeIDE_1.14.0/STM32CubeIDE/plugins/com.st.stm32cube.ide.mcu.externaltools.gnu-tools-for-stm32.11.3.rel1.win32_1.1.100.202309141235/tools/bin/../lib/gcc/arm-none-eabi/11.3.1/thumb/v7e-m+fp/hard\libgcc.a
LOAD C:/ST/STM32CubeIDE_1.14.0/STM32CubeIDE/plugins/com.st.stm32cube.ide.mcu.externaltools.gnu-tools-for-stm32.11.3.rel1.win32_1.1.100.202309141235/tools/bin/../lib/gcc/arm-none-eabi/11.3.1/../../../../arm-none-eabi/lib/thumb/v7e-m+fp/hard\libc_nano.a
END GROUP
START GROUP
LOAD C:/ST/STM32CubeIDE_1.14.0/STM32CubeIDE/plugins/com.st.stm32cube.ide.mcu.externaltools.gnu-tools-for-stm32.11.3.rel1.win32_1.1.100.202309141235/tools/bin/../lib/gcc/arm-none-eabi/11.3.1/thumb/v7e-m+fp/hard\libgcc.a
LOAD C:/ST/STM32CubeIDE_1.14.0/STM32CubeIDE/plugins/com.st.stm32cube.ide.mcu.externaltools.gnu-tools-for-stm32.11.3.rel1.win32_1.1.100.202309141235/tools/bin/../lib/gcc/arm-none-eabi/11.3.1/../../../../arm-none-eabi/lib/thumb/v7e-m+fp/hard\libc_nano.a
LOAD C:/ST/STM32CubeIDE_1.14.0/STM32CubeIDE/plugins/com.st.stm32cube.ide.mcu.externaltools.gnu-tools-for-stm32.11.3.rel1.win32_1.1.100.202309141235/tools/bin/../lib/gcc/arm-none-eabi/11.3.1/../../../../arm-none-eabi/lib/thumb/v7e-m+fp/hard\libnosys.a
END GROUP
START GROUP
LOAD C:/ST/STM32CubeIDE_1.14.0/STM32CubeIDE/plugins/com.st.stm32cube.ide.mcu.externaltools.gnu-tools-for-stm32.11.3.rel1.win32_1.1.100.202309141235/tools/bin/../lib/gcc/arm-none-eabi/11.3.1/thumb/v7e-m+fp/hard\libgcc.a
LOAD C:/ST/STM32CubeIDE_1.14.0/STM32CubeIDE/plugins/com.st.stm32cube.ide.mcu.externaltools.gnu-tools-for-stm32.11.3.rel1.win32_1.1.100.202309141235/tools/bin/../lib/gcc/arm-none-eabi/11.3.1/../../../../arm-none-eabi/lib/thumb/v7e-m+fp/hard\libc_nano.a
LOAD C:/ST/STM32CubeIDE_1.14.0/STM32CubeIDE/plugins/com.st.stm32cube.ide.mcu.externaltools.gnu-tools-for-stm32.11.3.rel1.win32_1.1.100.202309141235/tools/bin/../lib/gcc/arm-none-eabi/11.3.1/../../../../arm-none-eabi/lib/thumb/v7e-m+fp/hard\libnosys.a
END GROUP
LOAD C:/ST/STM32CubeIDE_1.14.0/STM32CubeIDE/plugins/com.st.stm32cube.ide.mcu.externaltools.gnu-tools-for-stm32.11.3.rel1.win32_1.1.100.202309141235/tools/bin/../lib/gcc/arm-none-eabi/11.3.1/thumb/v7e-m+fp/hard/crtend.o
LOAD C:/ST/STM32CubeIDE_1.14.0/STM32CubeIDE/plugins/com.st.stm32cube.ide.mcu.externaltools.gnu-tools-for-stm32.11.3.rel1.win32_1.1.100.202309141235/tools/bin/../lib/gcc/arm-none-eabi/11.3.1/thumb/v7e-m+fp/hard/crtn.o
                0x0000000020020000                _estack = (ORIGIN (RAM) + LENGTH (RAM))
                0x0000000000000200                _Min_Heap_Size = 0x200
                0x0000000000000400                _Min_Stack_Size = 0x400

.isr_vector     0x0000000008000000      0x1d8
                0x0000000008000000                . = ALIGN (0x4)
 *(.isr_vector)
 .isr_vector    0x0000000008000000      0x1d8 ./Startup/startup_stm32g474retx.o
                0x0000000008000000                g_pfnVectors
                0x00000000080001d8                . = ALIGN (0x4)

.text           0x00000000080001e0     0x1310
                0x00000000080001e0                . = ALIGN (0x4)
 *(.text)
 .text          0x00000000080001e0       0x40 C:/ST/STM32CubeIDE_1.14.0/STM32CubeIDE/plugins/com.st.stm32cube.ide.mcu.externaltools.gnu-tools-for-stm32.11.3.rel1.win32_1.1.100.202309141235/tools/bin/../lib/gcc/arm-none-eabi/11.3.1/thumb/v7e-m+fp/hard/crtbegin.o
 .text          0x0000000008000220       0xa0 C:/ST/STM32CubeIDE_1.14.0/STM32CubeIDE/plugins/com.st.stm32cube.ide.mcu.externaltools.gnu-tools-for-stm32.11.3.rel1.win32_1.1.100.202309141235/tools/bin/../lib/gcc/arm-none-eabi/11.3.1/../../../../arm-none-eabi/lib/thumb/v7e-m+fp/hard\libc_nano.a(libc_a-memchr.o)
                0x0000000008000220                memchr
 *(.text*)
 .text.LPUART_IRQHandler
                0x00000000080002c0       0x18 ./Src/interrupts.o
                0x00000000080002c0                LPUART_IRQHandler
 .text.LED_LD2_Init
                0x00000000080002d8       0x30 ./Src/led.o
                0x00000000080002d8                LED_LD2_Init
 .text.LED_LD2_Toggle
                0x0000000008000308       0x1e ./Src/led.o
                0x0000000008000308                LED_LD2_Toggle
 *fill*         0x0000000008000326        0x2 
 .text.__NVIC_EnableIRQ
                0x0000000008000328       0x3c ./Src/lpuart.o
 .text.__NVIC_ClearPendingIRQ
                0x0000000008000364       0x3c ./Src/lpuart.o
 .text.__NVIC_SetPriority
                0x00000000080003a0       0x54 ./Src/lpuart.o
 .text.NVIC_EncodePriority
                0x00000000080003f4       0x66 ./Src/lpuart.o
 *fill*         0x000000000800045a        0x2 
 .text.LPUART1_GPIO_Init
                0x000000000800045c       0x50 ./Src/lpuart.o
                0x000000000800045c                LPUART1_GPIO_Init
 .text.LPUART1_InterruptsConfig
                0x00000000080004ac       0x38 ./Src/lpuart.o
                0x00000000080004ac                LPUART1_InterruptsConfig
 .text.LPUART1_Config
                0x00000000080004e4       0x58 ./Src/lpuart.o
                0x00000000080004e4                LPUART1_Config
 .text.LPUART1_Init
                0x000000000800053c       0x10 ./Src/lpuart.o
                0x000000000800053c                LPUART1_Init
 .text.LPUART1_SendChar
                0x000000000800054c       0x20 ./Src/lpuart.o
                0x000000000800054c                LPUART1_SendChar
 .text.LPUART1_SendString
                0x000000000800056c       0x3c ./Src/lpuart.o
                0x000000000800056c                LPUART1_SendString
 .text.LPUART1_GetNextCharToSend
                0x00000000080005a8       0x3c ./Src/lpuart.o
                0x00000000080005a8                LPUART1_GetNextCharToSend
 .text.LPUART1_TxInterrupt
                0x00000000080005e4       0x1c ./Src/lpuart.o
                0x00000000080005e4                LPUART1_TxInterrupt
 .text.LPUART1_RxInterrupt
                0x0000000008000600       0x4c ./Src/lpuart.o
                0x0000000008000600                LPUART1_RxInterrupt
 .text.LPUART1_IsLineReady
                0x000000000800064c       0x18 ./Src/lpuart.o
                0x000000000800064c                LPUART1_IsLineReady
 .text.LPUART1_GetLine
                0x0000000008000664       0x74 ./Src/lpuart.o
                0x0000000008000664                LPUART1_GetLine
 .text.main     0x00000000080006d8       0xa8 ./Src/main.o
                0x00000000080006d8                main
 .text.TaskLD2  0x0000000008000780        0xc ./Src/main.o
                0x0000000008000780                TaskLD2
 .text.TaskLPUART1
                0x000000000800078c       0x14 ./Src/main.o
                0x000000000800078c                TaskLPUART1
 .text.TaskLPUART1Fast
                0x00000000080007a0       0x14 ./Src/main.o
                0x00000000080007a0                TaskLPUART1Fast
 .text.RB_Read  0x00000000080007b4       0x52 ./Src/ring_buffer.o
                0x00000000080007b4                RB_Read
 .text.RB_Write
                0x0000000008000806       0x52 ./Src/ring_buffer.o
                0x0000000008000806                RB_Write
 .text.SoftTimerEvent
                0x0000000008000858       0x44 ./Src/software_timers.o
                0x0000000008000858                SoftTimerEvent
 .text.SoftTimerAction
                0x000000000800089c       0x1c ./Src/software_timers.o
                0x000000000800089c                SoftTimerAction
 .text.SoftTimerStart
                0x00000000080008b8       0x28 ./Src/software_timers.o
                0x00000000080008b8                SoftTimerStart
 .text.__NVIC_SetPriority
                0x00000000080008e0       0x54 ./Src/sys_clocks.o
 .text.SysTick_Config
                0x0000000008000934       0x44 ./Src/sys_clocks.o
 .text.SystemClockPLL48
                0x0000000008000978       0xb8 ./Src/sys_clocks.o
                0x0000000008000978                SystemClockPLL48
 .text.SystemClockSetup
                0x0000000008000a30       0x14 ./Src/sys_clocks.o
                0x0000000008000a30                SystemClockSetup
 .text.SysTick_Handler
                0x0000000008000a44       0x1c ./Src/sys_clocks.o
                0x0000000008000a44                SysTick_Handler
 .text.GetSystemTick
                0x0000000008000a60       0x18 ./Src/sys_clocks.o
                0x0000000008000a60                GetSystemTick
 .text._sbrk    0x0000000008000a78       0x6c ./Src/sysmem.o
                0x0000000008000a78                _sbrk
 .text.TEST1_Init
                0x0000000008000ae4       0x30 ./Src/tester.o
                0x0000000008000ae4                TEST1_Init
 .text.TEST1_On
                0x0000000008000b14       0x1c ./Src/tester.o
                0x0000000008000b14                TEST1_On
 .text.TEST1_Off
                0x0000000008000b30       0x1c ./Src/tester.o
                0x0000000008000b30                TEST1_Off
 .text.Reset_Handler
                0x0000000008000b4c       0x50 ./Startup/startup_stm32g474retx.o
                0x0000000008000b4c                Reset_Handler
 .text.Default_Handler
                0x0000000008000b9c        0x2 ./Startup/startup_stm32g474retx.o
                0x0000000008000b9c                EXTI2_IRQHandler
                0x0000000008000b9c                TIM8_TRG_COM_IRQHandler
                0x0000000008000b9c                TIM8_CC_IRQHandler
                0x0000000008000b9c                DMA2_CH8_IRQHandler
                0x0000000008000b9c                DebugMon_Handler
                0x0000000008000b9c                DMA1_CH4_IRQHandler
                0x0000000008000b9c                SPI4_IRQHandler
                0x0000000008000b9c                HRTIM_TIM_FLT_IRQn_IRQHandler
                0x0000000008000b9c                FDCAN3_IT0_IRQHandler
                0x0000000008000b9c                TIM1_CC_IRQHandler
                0x0000000008000b9c                Cordic_IRQHandler
                0x0000000008000b9c                HardFault_Handler
                0x0000000008000b9c                USB_HP_IRQHandler
                0x0000000008000b9c                PendSV_Handler
                0x0000000008000b9c                NMI_Handler
                0x0000000008000b9c                HRTIM_TIMD_IRQn_IRQHandler
                0x0000000008000b9c                EXTI3_IRQHandler
                0x0000000008000b9c                I2C3_ER_IRQHandler
                0x0000000008000b9c                HRTIM_Master_IRQn_IRQHandler
                0x0000000008000b9c                DMA1_CH8_IRQHandler
                0x0000000008000b9c                TIM6_DACUNDER_IRQHandler
                0x0000000008000b9c                EXTI0_IRQHandler
                0x0000000008000b9c                I2C2_EV_IRQHandler
                0x0000000008000b9c                DMA2_CH1_IRQHandler
                0x0000000008000b9c                FDCAN1_IT1_IRQHandler
                0x0000000008000b9c                TIM1_UP_TIM16_IRQHandler
                0x0000000008000b9c                DMA2_CH7_IRQHandler
                0x0000000008000b9c                UsageFault_Handler
                0x0000000008000b9c                ADC1_2_IRQHandler
                0x0000000008000b9c                SPI1_IRQHandler
                0x0000000008000b9c                DMA1_CH7_IRQHandler
                0x0000000008000b9c                HRTIM_TIMB_IRQn_IRQHandler
                0x0000000008000b9c                TIM8_UP_IRQHandler
                0x0000000008000b9c                USBWakeUP_IRQHandler
                0x0000000008000b9c                RTC_ALARM_IRQHandler
                0x0000000008000b9c                DMA1_CH6_IRQHandler
                0x0000000008000b9c                TIM20_TRG_COM_IRQHandler
                0x0000000008000b9c                USART3_IRQHandler
                0x0000000008000b9c                UART5_IRQHandler
                0x0000000008000b9c                ADC3_IRQHandler
                0x0000000008000b9c                TIM4_IRQHandler
                0x0000000008000b9c                QUADSPI_IRQHandler
                0x0000000008000b9c                I2C1_EV_IRQHandler
                0x0000000008000b9c                DMA2_CH5_IRQHandler
                0x0000000008000b9c                UART4_IRQHandler
                0x0000000008000b9c                DMA1_CH3_IRQHandler
                0x0000000008000b9c                TIM3_IRQHandler
                0x0000000008000b9c                RCC_IRQHandler
                0x0000000008000b9c                TIM20_UP_IRQHandler
                0x0000000008000b9c                TIM1_TRG_COM_IRQHandler
                0x0000000008000b9c                Default_Handler
                0x0000000008000b9c                FMAC_IRQHandler
                0x0000000008000b9c                EXTI15_10_IRQHandler
                0x0000000008000b9c                TIM7_IRQHandler
                0x0000000008000b9c                FDCAN3_IT1_IRQHandler
                0x0000000008000b9c                TIM5_IRQHandler
                0x0000000008000b9c                UCPD1_IRQHandler
                0x0000000008000b9c                I2C3_EV_IRQHandler
                0x0000000008000b9c                EXTI9_5_IRQHandler
                0x0000000008000b9c                DMA1_CH2_IRQHandler
                0x0000000008000b9c                RTC_WKUP_IRQHandler
                0x0000000008000b9c                SAI_IRQHandler
                0x0000000008000b9c                PVD_PVM_IRQHandler
                0x0000000008000b9c                SPI2_IRQHandler
                0x0000000008000b9c                DMA1_CH1_IRQHandler
                0x0000000008000b9c                MemManage_Handler
                0x0000000008000b9c                ADC5_IRQHandler
                0x0000000008000b9c                SVC_Handler
                0x0000000008000b9c                CRS_IRQHandler
                0x0000000008000b9c                USB_LP_IRQHandler
                0x0000000008000b9c                EXTI4_IRQHandler
                0x0000000008000b9c                RNG_IRQHandler
                0x0000000008000b9c                FDCAN2_IT1_IRQHandler
                0x0000000008000b9c                HRTIM_TIMF_IRQn_IRQHandler
                0x0000000008000b9c                ADC4_IRQHandler
                0x0000000008000b9c                HRTIM_TIMA_IRQn_IRQHandler
                0x0000000008000b9c                WWDG_IRQHandler
                0x0000000008000b9c                I2C4_EV_IRQHandler
                0x0000000008000b9c                FDCAN2_IT0_IRQHandler
                0x0000000008000b9c                FDCAN1_IT0_IRQHandler
                0x0000000008000b9c                TIM2_IRQHandler
                0x0000000008000b9c                COMP7_IRQHandler
                0x0000000008000b9c                COMP1_2_3_IRQHandler
                0x0000000008000b9c                EXTI1_IRQHandler
                0x0000000008000b9c                HRTIM_TIMC_IRQn_IRQHandler
                0x0000000008000b9c                USART2_IRQHandler
                0x0000000008000b9c                COMP4_5_6_IRQHandler
                0x0000000008000b9c                TIM20_BRK_IRQHandler
                0x0000000008000b9c                I2C2_ER_IRQHandler
                0x0000000008000b9c                TIM8_BRK_IRQHandler
                0x0000000008000b9c                FLASH_IRQHandler
                0x0000000008000b9c                TIM20_CC_IRQHandler
                0x0000000008000b9c                BusFault_Handler
                0x0000000008000b9c                USART1_IRQHandler
                0x0000000008000b9c                SPI3_IRQHandler
                0x0000000008000b9c                DMA2_CH6_IRQHandler
                0x0000000008000b9c                DMA2_CH3_IRQHandler
                0x0000000008000b9c                DMA2_CH2_IRQHandler
                0x0000000008000b9c                I2C1_ER_IRQHandler
                0x0000000008000b9c                FMC_IRQHandler
                0x0000000008000b9c                DMA1_CH5_IRQHandler
                0x0000000008000b9c                DMA2_CH4_IRQHandler
                0x0000000008000b9c                LPTIM1_IRQHandler
                0x0000000008000b9c                DMAMUX_OVR_IRQHandler
                0x0000000008000b9c                I2C4_ER_IRQHandler
                0x0000000008000b9c                HRTIM_TIME_IRQn_IRQHandler
                0x0000000008000b9c                RTC_TAMP_CSS_LSE_IRQHandler
                0x0000000008000b9c                TIM1_BRK_TIM15_IRQHandler
 *fill*         0x0000000008000b9e        0x2 
 .text.sprintf  0x0000000008000ba0       0x40 C:/ST/STM32CubeIDE_1.14.0/STM32CubeIDE/plugins/com.st.stm32cube.ide.mcu.externaltools.gnu-tools-for-stm32.11.3.rel1.win32_1.1.100.202309141235/tools/bin/../lib/gcc/arm-none-eabi/11.3.1/../../../../arm-none-eabi/lib/thumb/v7e-m+fp/hard\libc_nano.a(libc_a-sprintf.o)
                0x0000000008000ba0                siprintf
                0x0000000008000ba0                sprintf
 .text.__errno  0x0000000008000be0        0xc C:/ST/STM32CubeIDE_1.14.0/STM32CubeIDE/plugins/com.st.stm32cube.ide.mcu.externaltools.gnu-tools-for-stm32.11.3.rel1.win32_1.1.100.202309141235/tools/bin/../lib/gcc/arm-none-eabi/11.3.1/../../../../arm-none-eabi/lib/thumb/v7e-m+fp/hard\libc_nano.a(libc_a-errno.o)
                0x0000000008000be0                __errno
 .text.__libc_init_array
                0x0000000008000bec       0x48 C:/ST/STM32CubeIDE_1.14.0/STM32CubeIDE/plugins/com.st.stm32cube.ide.mcu.externaltools.gnu-tools-for-stm32.11.3.rel1.win32_1.1.100.202309141235/tools/bin/../lib/gcc/arm-none-eabi/11.3.1/../../../../arm-none-eabi/lib/thumb/v7e-m+fp/hard\libc_nano.a(libc_a-init.o)
                0x0000000008000bec                __libc_init_array
 .text.__retarget_lock_acquire_recursive
                0x0000000008000c34        0x2 C:/ST/STM32CubeIDE_1.14.0/STM32CubeIDE/plugins/com.st.stm32cube.ide.mcu.externaltools.gnu-tools-for-stm32.11.3.rel1.win32_1.1.100.202309141235/tools/bin/../lib/gcc/arm-none-eabi/11.3.1/../../../../arm-none-eabi/lib/thumb/v7e-m+fp/hard\libc_nano.a(libc_a-lock.o)
                0x0000000008000c34                __retarget_lock_acquire_recursive
 .text.__retarget_lock_release_recursive
                0x0000000008000c36        0x2 C:/ST/STM32CubeIDE_1.14.0/STM32CubeIDE/plugins/com.st.stm32cube.ide.mcu.externaltools.gnu-tools-for-stm32.11.3.rel1.win32_1.1.100.202309141235/tools/bin/../lib/gcc/arm-none-eabi/11.3.1/../../../../arm-none-eabi/lib/thumb/v7e-m+fp/hard\libc_nano.a(libc_a-lock.o)
                0x0000000008000c36                __retarget_lock_release_recursive
 .text._free_r  0x0000000008000c38       0x98 C:/ST/STM32CubeIDE_1.14.0/STM32CubeIDE/plugins/com.st.stm32cube.ide.mcu.externaltools.gnu-tools-for-stm32.11.3.rel1.win32_1.1.100.202309141235/tools/bin/../lib/gcc/arm-none-eabi/11.3.1/../../../../arm-none-eabi/lib/thumb/v7e-m+fp/hard\libc_nano.a(libc_a-freer.o)
                0x0000000008000c38                _free_r
 .text.sbrk_aligned
                0x0000000008000cd0       0x40 C:/ST/STM32CubeIDE_1.14.0/STM32CubeIDE/plugins/com.st.stm32cube.ide.mcu.externaltools.gnu-tools-for-stm32.11.3.rel1.win32_1.1.100.202309141235/tools/bin/../lib/gcc/arm-none-eabi/11.3.1/../../../../arm-none-eabi/lib/thumb/v7e-m+fp/hard\libc_nano.a(libc_a-mallocr.o)
 .text._malloc_r
                0x0000000008000d10      0x100 C:/ST/STM32CubeIDE_1.14.0/STM32CubeIDE/plugins/com.st.stm32cube.ide.mcu.externaltools.gnu-tools-for-stm32.11.3.rel1.win32_1.1.100.202309141235/tools/bin/../lib/gcc/arm-none-eabi/11.3.1/../../../../arm-none-eabi/lib/thumb/v7e-m+fp/hard\libc_nano.a(libc_a-mallocr.o)
                0x0000000008000d10                _malloc_r
 .text.__malloc_lock
                0x0000000008000e10        0xc C:/ST/STM32CubeIDE_1.14.0/STM32CubeIDE/plugins/com.st.stm32cube.ide.mcu.externaltools.gnu-tools-for-stm32.11.3.rel1.win32_1.1.100.202309141235/tools/bin/../lib/gcc/arm-none-eabi/11.3.1/../../../../arm-none-eabi/lib/thumb/v7e-m+fp/hard\libc_nano.a(libc_a-mlock.o)
                0x0000000008000e10                __malloc_lock
 .text.__malloc_unlock
                0x0000000008000e1c        0xc C:/ST/STM32CubeIDE_1.14.0/STM32CubeIDE/plugins/com.st.stm32cube.ide.mcu.externaltools.gnu-tools-for-stm32.11.3.rel1.win32_1.1.100.202309141235/tools/bin/../lib/gcc/arm-none-eabi/11.3.1/../../../../arm-none-eabi/lib/thumb/v7e-m+fp/hard\libc_nano.a(libc_a-mlock.o)
                0x0000000008000e1c                __malloc_unlock
 .text.__ssputs_r
                0x0000000008000e28       0xb4 C:/ST/STM32CubeIDE_1.14.0/STM32CubeIDE/plugins/com.st.stm32cube.ide.mcu.externaltools.gnu-tools-for-stm32.11.3.rel1.win32_1.1.100.202309141235/tools/bin/../lib/gcc/arm-none-eabi/11.3.1/../../../../arm-none-eabi/lib/thumb/v7e-m+fp/hard\libc_nano.a(libc_a-nano-svfprintf.o)
                0x0000000008000e28                __ssputs_r
 .text._svfprintf_r
                0x0000000008000edc      0x1fc C:/ST/STM32CubeIDE_1.14.0/STM32CubeIDE/plugins/com.st.stm32cube.ide.mcu.externaltools.gnu-tools-for-stm32.11.3.rel1.win32_1.1.100.202309141235/tools/bin/../lib/gcc/arm-none-eabi/11.3.1/../../../../arm-none-eabi/lib/thumb/v7e-m+fp/hard\libc_nano.a(libc_a-nano-svfprintf.o)
                0x0000000008000edc                _svfiprintf_r
                0x0000000008000edc                _svfprintf_r
 .text._printf_common
                0x00000000080010d8       0xda C:/ST/STM32CubeIDE_1.14.0/STM32CubeIDE/plugins/com.st.stm32cube.ide.mcu.externaltools.gnu-tools-for-stm32.11.3.rel1.win32_1.1.100.202309141235/tools/bin/../lib/gcc/arm-none-eabi/11.3.1/../../../../arm-none-eabi/lib/thumb/v7e-m+fp/hard\libc_nano.a(libc_a-nano-vfprintf_i.o)
                0x00000000080010d8                _printf_common
 *fill*         0x00000000080011b2        0x2 
 .text._printf_i
                0x00000000080011b4      0x244 C:/ST/STM32CubeIDE_1.14.0/STM32CubeIDE/plugins/com.st.stm32cube.ide.mcu.externaltools.gnu-tools-for-stm32.11.3.rel1.win32_1.1.100.202309141235/tools/bin/../lib/gcc/arm-none-eabi/11.3.1/../../../../arm-none-eabi/lib/thumb/v7e-m+fp/hard\libc_nano.a(libc_a-nano-vfprintf_i.o)
                0x00000000080011b4                _printf_i
 .text.memmove  0x00000000080013f8       0x34 C:/ST/STM32CubeIDE_1.14.0/STM32CubeIDE/plugins/com.st.stm32cube.ide.mcu.externaltools.gnu-tools-for-stm32.11.3.rel1.win32_1.1.100.202309141235/tools/bin/../lib/gcc/arm-none-eabi/11.3.1/../../../../arm-none-eabi/lib/thumb/v7e-m+fp/hard\libc_nano.a(libc_a-memmove.o)
                0x00000000080013f8                memmove
 .text._sbrk_r  0x000000000800142c       0x20 C:/ST/STM32CubeIDE_1.14.0/STM32CubeIDE/plugins/com.st.stm32cube.ide.mcu.externaltools.gnu-tools-for-stm32.11.3.rel1.win32_1.1.100.202309141235/tools/bin/../lib/gcc/arm-none-eabi/11.3.1/../../../../arm-none-eabi/lib/thumb/v7e-m+fp/hard\libc_nano.a(libc_a-sbrkr.o)
                0x000000000800142c                _sbrk_r
 .text.memcpy   0x000000000800144c       0x1c C:/ST/STM32CubeIDE_1.14.0/STM32CubeIDE/plugins/com.st.stm32cube.ide.mcu.externaltools.gnu-tools-for-stm32.11.3.rel1.win32_1.1.100.202309141235/tools/bin/../lib/gcc/arm-none-eabi/11.3.1/../../../../arm-none-eabi/lib/thumb/v7e-m+fp/hard\libc_nano.a(libc_a-memcpy-stub.o)
                0x000000000800144c                memcpy
 .text._realloc_r
                0x0000000008001468       0x5e C:/ST/STM32CubeIDE_1.14.0/STM32CubeIDE/plugins/com.st.stm32cube.ide.mcu.externaltools.gnu-tools-for-stm32.11.3.rel1.win32_1.1.100.202309141235/tools/bin/../lib/gcc/arm-none-eabi/11.3.1/../../../../arm-none-eabi/lib/thumb/v7e-m+fp/hard\libc_nano.a(libc_a-reallocr.o)
                0x0000000008001468                _realloc_r
 .text._malloc_usable_size_r
                0x00000000080014c6       0x10 C:/ST/STM32CubeIDE_1.14.0/STM32CubeIDE/plugins/com.st.stm32cube.ide.mcu.externaltools.gnu-tools-for-stm32.11.3.rel1.win32_1.1.100.202309141235/tools/bin/../lib/gcc/arm-none-eabi/11.3.1/../../../../arm-none-eabi/lib/thumb/v7e-m+fp/hard\libc_nano.a(libc_a-msizer.o)
                0x00000000080014c6                _malloc_usable_size_r
 *(.glue_7)
 .glue_7        0x00000000080014d6        0x0 linker stubs
 *(.glue_7t)
 .glue_7t       0x00000000080014d6        0x0 linker stubs
 *(.eh_frame)
 *fill*         0x00000000080014d6        0x2 
 .eh_frame      0x00000000080014d8        0x0 C:/ST/STM32CubeIDE_1.14.0/STM32CubeIDE/plugins/com.st.stm32cube.ide.mcu.externaltools.gnu-tools-for-stm32.11.3.rel1.win32_1.1.100.202309141235/tools/bin/../lib/gcc/arm-none-eabi/11.3.1/thumb/v7e-m+fp/hard/crtbegin.o
 *(.init)
 .init          0x00000000080014d8        0x4 C:/ST/STM32CubeIDE_1.14.0/STM32CubeIDE/plugins/com.st.stm32cube.ide.mcu.externaltools.gnu-tools-for-stm32.11.3.rel1.win32_1.1.100.202309141235/tools/bin/../lib/gcc/arm-none-eabi/11.3.1/thumb/v7e-m+fp/hard/crti.o
                0x00000000080014d8                _init
 .init          0x00000000080014dc        0x8 C:/ST/STM32CubeIDE_1.14.0/STM32CubeIDE/plugins/com.st.stm32cube.ide.mcu.externaltools.gnu-tools-for-stm32.11.3.rel1.win32_1.1.100.202309141235/tools/bin/../lib/gcc/arm-none-eabi/11.3.1/thumb/v7e-m+fp/hard/crtn.o
 *(.fini)
 .fini          0x00000000080014e4        0x4 C:/ST/STM32CubeIDE_1.14.0/STM32CubeIDE/plugins/com.st.stm32cube.ide.mcu.externaltools.gnu-tools-for-stm32.11.3.rel1.win32_1.1.100.202309141235/tools/bin/../lib/gcc/arm-none-eabi/11.3.1/thumb/v7e-m+fp/hard/crti.o
                0x00000000080014e4                _fini
 .fini          0x00000000080014e8        0x8 C:/ST/STM32CubeIDE_1.14.0/STM32CubeIDE/plugins/com.st.stm32cube.ide.mcu.externaltools.gnu-tools-for-stm32.11.3.rel1.win32_1.1.100.202309141235/tools/bin/../lib/gcc/arm-none-eabi/11.3.1/thumb/v7e-m+fp/hard/crtn.o
                0x00000000080014f0                . = ALIGN (0x4)
                0x00000000080014f0                _etext = .

.vfp11_veneer   0x00000000080014f0        0x0
 .vfp11_veneer  0x00000000080014f0        0x0 linker stubs

.v4_bx          0x00000000080014f0        0x0
 .v4_bx         0x00000000080014f0        0x0 linker stubs

.iplt           0x00000000080014f0        0x0
 .iplt          0x00000000080014f0        0x0 C:/ST/STM32CubeIDE_1.14.0/STM32CubeIDE/plugins/com.st.stm32cube.ide.mcu.externaltools.gnu-tools-for-stm32.11.3.rel1.win32_1.1.100.202309141235/tools/bin/../lib/gcc/arm-none-eabi/11.3.1/thumb/v7e-m+fp/hard/crtbegin.o

.rodata         0x00000000080014f0       0x58
                0x00000000080014f0                . = ALIGN (0x4)
 *(.rodata)
 .rodata        0x00000000080014f0       0x24 ./Src/main.o
 *(.rodata*)
 .rodata._svfprintf_r.str1.1
                0x0000000008001514       0x11 C:/ST/STM32CubeIDE_1.14.0/STM32CubeIDE/plugins/com.st.stm32cube.ide.mcu.externaltools.gnu-tools-for-stm32.11.3.rel1.win32_1.1.100.202309141235/tools/bin/../lib/gcc/arm-none-eabi/11.3.1/../../../../arm-none-eabi/lib/thumb/v7e-m+fp/hard\libc_nano.a(libc_a-nano-svfprintf.o)
 .rodata._printf_i.str1.1
                0x0000000008001525       0x22 C:/ST/STM32CubeIDE_1.14.0/STM32CubeIDE/plugins/com.st.stm32cube.ide.mcu.externaltools.gnu-tools-for-stm32.11.3.rel1.win32_1.1.100.202309141235/tools/bin/../lib/gcc/arm-none-eabi/11.3.1/../../../../arm-none-eabi/lib/thumb/v7e-m+fp/hard\libc_nano.a(libc_a-nano-vfprintf_i.o)
                0x0000000008001548                . = ALIGN (0x4)
 *fill*         0x0000000008001547        0x1 

.rel.dyn        0x0000000008001548        0x0
 .rel.iplt      0x0000000008001548        0x0 C:/ST/STM32CubeIDE_1.14.0/STM32CubeIDE/plugins/com.st.stm32cube.ide.mcu.externaltools.gnu-tools-for-stm32.11.3.rel1.win32_1.1.100.202309141235/tools/bin/../lib/gcc/arm-none-eabi/11.3.1/thumb/v7e-m+fp/hard/crtbegin.o

.ARM.extab      0x0000000008001548        0x0
                0x0000000008001548                . = ALIGN (0x4)
 *(.ARM.extab* .gnu.linkonce.armextab.*)
                0x0000000008001548                . = ALIGN (0x4)

.ARM            0x0000000008001548        0x0
                0x0000000008001548                . = ALIGN (0x4)
                0x0000000008001548                __exidx_start = .
 *(.ARM.exidx*)
                0x0000000008001548                __exidx_end = .
                0x0000000008001548                . = ALIGN (0x4)

.preinit_array  0x0000000008001548        0x0
                0x0000000008001548                . = ALIGN (0x4)
                0x0000000008001548                PROVIDE (__preinit_array_start = .)
 *(.preinit_array*)
                0x0000000008001548                PROVIDE (__preinit_array_end = .)
                0x0000000008001548                . = ALIGN (0x4)

.init_array     0x0000000008001548        0x4
                0x0000000008001548                . = ALIGN (0x4)
                0x0000000008001548                PROVIDE (__init_array_start = .)
 *(SORT_BY_NAME(.init_array.*))
 *(.init_array*)
 .init_array    0x0000000008001548        0x4 C:/ST/STM32CubeIDE_1.14.0/STM32CubeIDE/plugins/com.st.stm32cube.ide.mcu.externaltools.gnu-tools-for-stm32.11.3.rel1.win32_1.1.100.202309141235/tools/bin/../lib/gcc/arm-none-eabi/11.3.1/thumb/v7e-m+fp/hard/crtbegin.o
                0x000000000800154c                PROVIDE (__init_array_end = .)
                0x000000000800154c                . = ALIGN (0x4)

.fini_array     0x000000000800154c        0x4
                0x000000000800154c                . = ALIGN (0x4)
                [!provide]                        PROVIDE (__fini_array_start = .)
 *(SORT_BY_NAME(.fini_array.*))
 *(.fini_array*)
 .fini_array    0x000000000800154c        0x4 C:/ST/STM32CubeIDE_1.14.0/STM32CubeIDE/plugins/com.st.stm32cube.ide.mcu.externaltools.gnu-tools-for-stm32.11.3.rel1.win32_1.1.100.202309141235/tools/bin/../lib/gcc/arm-none-eabi/11.3.1/thumb/v7e-m+fp/hard/crtbegin.o
                [!provide]                        PROVIDE (__fini_array_end = .)
                0x0000000008001550                . = ALIGN (0x4)
                0x0000000008001550                _sidata = LOADADDR (.data)

.data           0x0000000020000000       0x50 load address 0x0000000008001550
                0x0000000020000000                . = ALIGN (0x4)
                0x0000000020000000                _sdata = .
 *(.data)
 *(.data*)
 .data._impure_data
                0x0000000020000000       0x4c C:/ST/STM32CubeIDE_1.14.0/STM32CubeIDE/plugins/com.st.stm32cube.ide.mcu.externaltools.gnu-tools-for-stm32.11.3.rel1.win32_1.1.100.202309141235/tools/bin/../lib/gcc/arm-none-eabi/11.3.1/../../../../arm-none-eabi/lib/thumb/v7e-m+fp/hard\libc_nano.a(libc_a-impure.o)
                0x0000000020000000                _impure_data
 .data._impure_ptr
                0x000000002000004c        0x4 C:/ST/STM32CubeIDE_1.14.0/STM32CubeIDE/plugins/com.st.stm32cube.ide.mcu.externaltools.gnu-tools-for-stm32.11.3.rel1.win32_1.1.100.202309141235/tools/bin/../lib/gcc/arm-none-eabi/11.3.1/../../../../arm-none-eabi/lib/thumb/v7e-m+fp/hard\libc_nano.a(libc_a-impure.o)
                0x000000002000004c                _impure_ptr
 *(.RamFunc)
 *(.RamFunc*)
                0x0000000020000050                . = ALIGN (0x4)
                0x0000000020000050                _edata = .
                0x00000000080015a0                _siccmsram = LOADADDR (.ccmsram)

.igot.plt       0x0000000020000050        0x0 load address 0x00000000080015a0
 .igot.plt      0x0000000020000050        0x0 C:/ST/STM32CubeIDE_1.14.0/STM32CubeIDE/plugins/com.st.stm32cube.ide.mcu.externaltools.gnu-tools-for-stm32.11.3.rel1.win32_1.1.100.202309141235/tools/bin/../lib/gcc/arm-none-eabi/11.3.1/thumb/v7e-m+fp/hard/crtbegin.o

.ccmsram        0x0000000010000000        0x0 load address 0x00000000080015a0
                0x0000000010000000                . = ALIGN (0x4)
                0x0000000010000000                _sccmsram = .
 *(.ccmsram)
 *(.ccmsram*)
                0x0000000010000000                . = ALIGN (0x4)
                0x0000000010000000                _eccmsram = .
                0x0000000010000000                . = ALIGN (0x4)

.bss            0x0000000020000050      0x2d8
                0x0000000020000050                _sbss = .
                0x0000000020000050                __bss_start__ = _sbss
 *(.bss)
 .bss           0x0000000020000050       0x1c C:/ST/STM32CubeIDE_1.14.0/STM32CubeIDE/plugins/com.st.stm32cube.ide.mcu.externaltools.gnu-tools-for-stm32.11.3.rel1.win32_1.1.100.202309141235/tools/bin/../lib/gcc/arm-none-eabi/11.3.1/thumb/v7e-m+fp/hard/crtbegin.o
 *(.bss*)
 .bss.RxBuffer  0x000000002000006c       0x42 ./Src/lpuart.o
 *fill*         0x00000000200000ae        0x2 
 .bss.TxBuffer  0x00000000200000b0       0x42 ./Src/lpuart.o
 .bss.LineReadyFlag
                0x00000000200000f2        0x1 ./Src/lpuart.o
                0x00000000200000f2                LineReadyFlag
 *fill*         0x00000000200000f3        0x1 
 .bss.TimerLD2  0x00000000200000f4        0xc ./Src/main.o
                0x00000000200000f4                TimerLD2
 .bss.TimerLPUART1
                0x0000000020000100        0xc ./Src/main.o
                0x0000000020000100                TimerLPUART1
 .bss.TimerLPUART1Fast
                0x000000002000010c        0xc ./Src/main.o
                0x000000002000010c                TimerLPUART1Fast
 .bss.ReceivedString
                0x0000000020000118       0x40 ./Src/main.o
                0x0000000020000118                ReceivedString
 .bss.ToSend    0x0000000020000158       0x80 ./Src/main.o
                0x0000000020000158                ToSend
 .bss.Tick      0x00000000200001d8        0x4 ./Src/sys_clocks.o
                0x00000000200001d8                Tick
 .bss.__sbrk_heap_end
                0x00000000200001dc        0x4 ./Src/sysmem.o
 .bss.__sf      0x00000000200001e0      0x138 C:/ST/STM32CubeIDE_1.14.0/STM32CubeIDE/plugins/com.st.stm32cube.ide.mcu.externaltools.gnu-tools-for-stm32.11.3.rel1.win32_1.1.100.202309141235/tools/bin/../lib/gcc/arm-none-eabi/11.3.1/../../../../arm-none-eabi/lib/thumb/v7e-m+fp/hard\libc_nano.a(libc_a-findfp.o)
                0x00000000200001e0                __sf
 .bss.errno     0x0000000020000318        0x4 C:/ST/STM32CubeIDE_1.14.0/STM32CubeIDE/plugins/com.st.stm32cube.ide.mcu.externaltools.gnu-tools-for-stm32.11.3.rel1.win32_1.1.100.202309141235/tools/bin/../lib/gcc/arm-none-eabi/11.3.1/../../../../arm-none-eabi/lib/thumb/v7e-m+fp/hard\libc_nano.a(libc_a-reent.o)
                0x0000000020000318                errno
 .bss.__lock___malloc_recursive_mutex
                0x000000002000031c        0x1 C:/ST/STM32CubeIDE_1.14.0/STM32CubeIDE/plugins/com.st.stm32cube.ide.mcu.externaltools.gnu-tools-for-stm32.11.3.rel1.win32_1.1.100.202309141235/tools/bin/../lib/gcc/arm-none-eabi/11.3.1/../../../../arm-none-eabi/lib/thumb/v7e-m+fp/hard\libc_nano.a(libc_a-lock.o)
                0x000000002000031c                __lock___malloc_recursive_mutex
 *fill*         0x000000002000031d        0x3 
 .bss.__malloc_free_list
                0x0000000020000320        0x4 C:/ST/STM32CubeIDE_1.14.0/STM32CubeIDE/plugins/com.st.stm32cube.ide.mcu.externaltools.gnu-tools-for-stm32.11.3.rel1.win32_1.1.100.202309141235/tools/bin/../lib/gcc/arm-none-eabi/11.3.1/../../../../arm-none-eabi/lib/thumb/v7e-m+fp/hard\libc_nano.a(libc_a-mallocr.o)
                0x0000000020000320                __malloc_free_list
 .bss.__malloc_sbrk_start
                0x0000000020000324        0x4 C:/ST/STM32CubeIDE_1.14.0/STM32CubeIDE/plugins/com.st.stm32cube.ide.mcu.externaltools.gnu-tools-for-stm32.11.3.rel1.win32_1.1.100.202309141235/tools/bin/../lib/gcc/arm-none-eabi/11.3.1/../../../../arm-none-eabi/lib/thumb/v7e-m+fp/hard\libc_nano.a(libc_a-mallocr.o)
                0x0000000020000324                __malloc_sbrk_start
 *(COMMON)
                0x0000000020000328                . = ALIGN (0x4)
                0x0000000020000328                _ebss = .
                0x0000000020000328                __bss_end__ = _ebss

._user_heap_stack
                0x0000000020000328      0x600
                0x0000000020000328                . = ALIGN (0x8)
                [!provide]                        PROVIDE (end = .)
                0x0000000020000328                PROVIDE (_end = .)
                0x0000000020000528                . = (. + _Min_Heap_Size)
 *fill*         0x0000000020000328      0x200 
                0x0000000020000928                . = (. + _Min_Stack_Size)
 *fill*         0x0000000020000528      0x400 
                0x0000000020000928                . = ALIGN (0x8)

/DISCARD/
 libc.a(*)
 libm.a(*)
 libgcc.a(*)

.ARM.attributes
                0x0000000000000000       0x30
 *(.ARM.attributes)
 .ARM.attributes
                0x0000000000000000       0x1e C:/ST/STM32CubeIDE_1.14.0/STM32CubeIDE/plugins/com.st.stm32cube.ide.mcu.externaltools.gnu-tools-for-stm32.11.3.rel1.win32_1.1.100.202309141235/tools/bin/../lib/gcc/arm-none-eabi/11.3.1/thumb/v7e-m+fp/hard/crti.o
 .ARM.attributes
                0x000000000000001e       0x34 C:/ST/STM32CubeIDE_1.14.0/STM32CubeIDE/plugins/com.st.stm32cube.ide.mcu.externaltools.gnu-tools-for-stm32.11.3.rel1.win32_1.1.100.202309141235/tools/bin/../lib/gcc/arm-none-eabi/11.3.1/thumb/v7e-m+fp/hard/crtbegin.o
 .ARM.attributes
                0x0000000000000052       0x34 ./Src/interrupts.o
 .ARM.attributes
                0x0000000000000086       0x34 ./Src/led.o
 .ARM.attributes
                0x00000000000000ba       0x34 ./Src/lpuart.o
 .ARM.attributes
                0x00000000000000ee       0x34 ./Src/main.o
 .ARM.attributes
                0x0000000000000122       0x34 ./Src/ring_buffer.o
 .ARM.attributes
                0x0000000000000156       0x34 ./Src/software_timers.o
 .ARM.attributes
                0x000000000000018a       0x34 ./Src/sys_clocks.o
 .ARM.attributes
                0x00000000000001be       0x34 ./Src/sysmem.o
 .ARM.attributes
                0x00000000000001f2       0x34 ./Src/tester.o
 .ARM.attributes
                0x0000000000000226       0x21 ./Startup/startup_stm32g474retx.o
 .ARM.attributes
                0x0000000000000247       0x34 C:/ST/STM32CubeIDE_1.14.0/STM32CubeIDE/plugins/com.st.stm32cube.ide.mcu.externaltools.gnu-tools-for-stm32.11.3.rel1.win32_1.1.100.202309141235/tools/bin/../lib/gcc/arm-none-eabi/11.3.1/../../../../arm-none-eabi/lib/thumb/v7e-m+fp/hard\libc_nano.a(libc_a-findfp.o)
 .ARM.attributes
                0x000000000000027b       0x34 C:/ST/STM32CubeIDE_1.14.0/STM32CubeIDE/plugins/com.st.stm32cube.ide.mcu.externaltools.gnu-tools-for-stm32.11.3.rel1.win32_1.1.100.202309141235/tools/bin/../lib/gcc/arm-none-eabi/11.3.1/../../../../arm-none-eabi/lib/thumb/v7e-m+fp/hard\libc_nano.a(libc_a-sprintf.o)
 .ARM.attributes
                0x00000000000002af       0x34 C:/ST/STM32CubeIDE_1.14.0/STM32CubeIDE/plugins/com.st.stm32cube.ide.mcu.externaltools.gnu-tools-for-stm32.11.3.rel1.win32_1.1.100.202309141235/tools/bin/../lib/gcc/arm-none-eabi/11.3.1/../../../../arm-none-eabi/lib/thumb/v7e-m+fp/hard\libc_nano.a(libc_a-reent.o)
 .ARM.attributes
                0x00000000000002e3       0x34 C:/ST/STM32CubeIDE_1.14.0/STM32CubeIDE/plugins/com.st.stm32cube.ide.mcu.externaltools.gnu-tools-for-stm32.11.3.rel1.win32_1.1.100.202309141235/tools/bin/../lib/gcc/arm-none-eabi/11.3.1/../../../../arm-none-eabi/lib/thumb/v7e-m+fp/hard\libc_nano.a(libc_a-impure.o)
 .ARM.attributes
                0x0000000000000317       0x34 C:/ST/STM32CubeIDE_1.14.0/STM32CubeIDE/plugins/com.st.stm32cube.ide.mcu.externaltools.gnu-tools-for-stm32.11.3.rel1.win32_1.1.100.202309141235/tools/bin/../lib/gcc/arm-none-eabi/11.3.1/../../../../arm-none-eabi/lib/thumb/v7e-m+fp/hard\libc_nano.a(libc_a-errno.o)
 .ARM.attributes
                0x000000000000034b       0x34 C:/ST/STM32CubeIDE_1.14.0/STM32CubeIDE/plugins/com.st.stm32cube.ide.mcu.externaltools.gnu-tools-for-stm32.11.3.rel1.win32_1.1.100.202309141235/tools/bin/../lib/gcc/arm-none-eabi/11.3.1/../../../../arm-none-eabi/lib/thumb/v7e-m+fp/hard\libc_nano.a(libc_a-init.o)
 .ARM.attributes
                0x000000000000037f       0x34 C:/ST/STM32CubeIDE_1.14.0/STM32CubeIDE/plugins/com.st.stm32cube.ide.mcu.externaltools.gnu-tools-for-stm32.11.3.rel1.win32_1.1.100.202309141235/tools/bin/../lib/gcc/arm-none-eabi/11.3.1/../../../../arm-none-eabi/lib/thumb/v7e-m+fp/hard\libc_nano.a(libc_a-lock.o)
 .ARM.attributes
                0x00000000000003b3       0x34 C:/ST/STM32CubeIDE_1.14.0/STM32CubeIDE/plugins/com.st.stm32cube.ide.mcu.externaltools.gnu-tools-for-stm32.11.3.rel1.win32_1.1.100.202309141235/tools/bin/../lib/gcc/arm-none-eabi/11.3.1/../../../../arm-none-eabi/lib/thumb/v7e-m+fp/hard\libc_nano.a(libc_a-freer.o)
 .ARM.attributes
                0x00000000000003e7       0x34 C:/ST/STM32CubeIDE_1.14.0/STM32CubeIDE/plugins/com.st.stm32cube.ide.mcu.externaltools.gnu-tools-for-stm32.11.3.rel1.win32_1.1.100.202309141235/tools/bin/../lib/gcc/arm-none-eabi/11.3.1/../../../../arm-none-eabi/lib/thumb/v7e-m+fp/hard\libc_nano.a(libc_a-mallocr.o)
 .ARM.attributes
                0x000000000000041b       0x34 C:/ST/STM32CubeIDE_1.14.0/STM32CubeIDE/plugins/com.st.stm32cube.ide.mcu.externaltools.gnu-tools-for-stm32.11.3.rel1.win32_1.1.100.202309141235/tools/bin/../lib/gcc/arm-none-eabi/11.3.1/../../../../arm-none-eabi/lib/thumb/v7e-m+fp/hard\libc_nano.a(libc_a-mlock.o)
 .ARM.attributes
                0x000000000000044f       0x34 C:/ST/STM32CubeIDE_1.14.0/STM32CubeIDE/plugins/com.st.stm32cube.ide.mcu.externaltools.gnu-tools-for-stm32.11.3.rel1.win32_1.1.100.202309141235/tools/bin/../lib/gcc/arm-none-eabi/11.3.1/../../../../arm-none-eabi/lib/thumb/v7e-m+fp/hard\libc_nano.a(libc_a-nano-svfprintf.o)
 .ARM.attributes
                0x0000000000000483       0x34 C:/ST/STM32CubeIDE_1.14.0/STM32CubeIDE/plugins/com.st.stm32cube.ide.mcu.externaltools.gnu-tools-for-stm32.11.3.rel1.win32_1.1.100.202309141235/tools/bin/../lib/gcc/arm-none-eabi/11.3.1/../../../../arm-none-eabi/lib/thumb/v7e-m+fp/hard\libc_nano.a(libc_a-nano-vfprintf_i.o)
 .ARM.attributes
                0x00000000000004b7       0x34 C:/ST/STM32CubeIDE_1.14.0/STM32CubeIDE/plugins/com.st.stm32cube.ide.mcu.externaltools.gnu-tools-for-stm32.11.3.rel1.win32_1.1.100.202309141235/tools/bin/../lib/gcc/arm-none-eabi/11.3.1/../../../../arm-none-eabi/lib/thumb/v7e-m+fp/hard\libc_nano.a(libc_a-memmove.o)
 .ARM.attributes
                0x00000000000004eb       0x34 C:/ST/STM32CubeIDE_1.14.0/STM32CubeIDE/plugins/com.st.stm32cube.ide.mcu.externaltools.gnu-tools-for-stm32.11.3.rel1.win32_1.1.100.202309141235/tools/bin/../lib/gcc/arm-none-eabi/11.3.1/../../../../arm-none-eabi/lib/thumb/v7e-m+fp/hard\libc_nano.a(libc_a-sbrkr.o)
 .ARM.attributes
                0x000000000000051f       0x1c C:/ST/STM32CubeIDE_1.14.0/STM32CubeIDE/plugins/com.st.stm32cube.ide.mcu.externaltools.gnu-tools-for-stm32.11.3.rel1.win32_1.1.100.202309141235/tools/bin/../lib/gcc/arm-none-eabi/11.3.1/../../../../arm-none-eabi/lib/thumb/v7e-m+fp/hard\libc_nano.a(libc_a-memchr.o)
 .ARM.attributes
                0x000000000000053b       0x34 C:/ST/STM32CubeIDE_1.14.0/STM32CubeIDE/plugins/com.st.stm32cube.ide.mcu.externaltools.gnu-tools-for-stm32.11.3.rel1.win32_1.1.100.202309141235/tools/bin/../lib/gcc/arm-none-eabi/11.3.1/../../../../arm-none-eabi/lib/thumb/v7e-m+fp/hard\libc_nano.a(libc_a-memcpy-stub.o)
 .ARM.attributes
                0x000000000000056f       0x34 C:/ST/STM32CubeIDE_1.14.0/STM32CubeIDE/plugins/com.st.stm32cube.ide.mcu.externaltools.gnu-tools-for-stm32.11.3.rel1.win32_1.1.100.202309141235/tools/bin/../lib/gcc/arm-none-eabi/11.3.1/../../../../arm-none-eabi/lib/thumb/v7e-m+fp/hard\libc_nano.a(libc_a-reallocr.o)
 .ARM.attributes
                0x00000000000005a3       0x34 C:/ST/STM32CubeIDE_1.14.0/STM32CubeIDE/plugins/com.st.stm32cube.ide.mcu.externaltools.gnu-tools-for-stm32.11.3.rel1.win32_1.1.100.202309141235/tools/bin/../lib/gcc/arm-none-eabi/11.3.1/../../../../arm-none-eabi/lib/thumb/v7e-m+fp/hard\libc_nano.a(libc_a-msizer.o)
 .ARM.attributes
                0x00000000000005d7       0x1e C:/ST/STM32CubeIDE_1.14.0/STM32CubeIDE/plugins/com.st.stm32cube.ide.mcu.externaltools.gnu-tools-for-stm32.11.3.rel1.win32_1.1.100.202309141235/tools/bin/../lib/gcc/arm-none-eabi/11.3.1/thumb/v7e-m+fp/hard/crtn.o
OUTPUT(M4_UART_Interrupt.elf elf32-littlearm)
LOAD linker stubs
LOAD C:/ST/STM32CubeIDE_1.14.0/STM32CubeIDE/plugins/com.st.stm32cube.ide.mcu.externaltools.gnu-tools-for-stm32.11.3.rel1.win32_1.1.100.202309141235/tools/bin/../lib/gcc/arm-none-eabi/11.3.1/../../../../arm-none-eabi/lib/thumb/v7e-m+fp/hard\libc.a
LOAD C:/ST/STM32CubeIDE_1.14.0/STM32CubeIDE/plugins/com.st.stm32cube.ide.mcu.externaltools.gnu-tools-for-stm32.11.3.rel1.win32_1.1.100.202309141235/tools/bin/../lib/gcc/arm-none-eabi/11.3.1/../../../../arm-none-eabi/lib/thumb/v7e-m+fp/hard\libm.a
LOAD C:/ST/STM32CubeIDE_1.14.0/STM32CubeIDE/plugins/com.st.stm32cube.ide.mcu.externaltools.gnu-tools-for-stm32.11.3.rel1.win32_1.1.100.202309141235/tools/bin/../lib/gcc/arm-none-eabi/11.3.1/thumb/v7e-m+fp/hard\libgcc.a

.comment        0x0000000000000000       0x43
 .comment       0x0000000000000000       0x43 C:/ST/STM32CubeIDE_1.14.0/STM32CubeIDE/plugins/com.st.stm32cube.ide.mcu.externaltools.gnu-tools-for-stm32.11.3.rel1.win32_1.1.100.202309141235/tools/bin/../lib/gcc/arm-none-eabi/11.3.1/thumb/v7e-m+fp/hard/crtbegin.o
                                         0x44 (size before relaxing)
 .comment       0x0000000000000043       0x44 ./Src/interrupts.o
 .comment       0x0000000000000043       0x44 ./Src/led.o
 .comment       0x0000000000000043       0x44 ./Src/lpuart.o
 .comment       0x0000000000000043       0x44 ./Src/main.o
 .comment       0x0000000000000043       0x44 ./Src/ring_buffer.o
 .comment       0x0000000000000043       0x44 ./Src/software_timers.o
 .comment       0x0000000000000043       0x44 ./Src/sys_clocks.o
 .comment       0x0000000000000043       0x44 ./Src/sysmem.o
 .comment       0x0000000000000043       0x44 ./Src/tester.o

.debug_info     0x0000000000000000     0x2850
 .debug_info    0x0000000000000000       0x9f ./Src/interrupts.o
 .debug_info    0x000000000000009f      0x366 ./Src/led.o
 .debug_info    0x0000000000000405      0xd22 ./Src/lpuart.o
 .debug_info    0x0000000000001127      0x274 ./Src/main.o
 .debug_info    0x000000000000139b      0x176 ./Src/ring_buffer.o
 .debug_info    0x0000000000001511      0x182 ./Src/software_timers.o
 .debug_info    0x0000000000001693      0xccc ./Src/sys_clocks.o
 .debug_info    0x000000000000235f      0x168 ./Src/sysmem.o
 .debug_info    0x00000000000024c7      0x366 ./Src/tester.o
 .debug_info    0x000000000000282d       0x23 ./Startup/startup_stm32g474retx.o

.debug_abbrev   0x0000000000000000      0xa1c
 .debug_abbrev  0x0000000000000000       0x59 ./Src/interrupts.o
 .debug_abbrev  0x0000000000000059       0xb6 ./Src/led.o
 .debug_abbrev  0x000000000000010f      0x2a8 ./Src/lpuart.o
 .debug_abbrev  0x00000000000003b7      0x132 ./Src/main.o
 .debug_abbrev  0x00000000000004e9       0xea ./Src/ring_buffer.o
 .debug_abbrev  0x00000000000005d3       0xe5 ./Src/software_timers.o
 .debug_abbrev  0x00000000000006b8      0x1e0 ./Src/sys_clocks.o
 .debug_abbrev  0x0000000000000898       0xbc ./Src/sysmem.o
 .debug_abbrev  0x0000000000000954       0xb6 ./Src/tester.o
 .debug_abbrev  0x0000000000000a0a       0x12 ./Startup/startup_stm32g474retx.o

.debug_aranges  0x0000000000000000      0x268
 .debug_aranges
                0x0000000000000000       0x20 ./Src/interrupts.o
 .debug_aranges
                0x0000000000000020       0x38 ./Src/led.o
 .debug_aranges
                0x0000000000000058       0x90 ./Src/lpuart.o
 .debug_aranges
                0x00000000000000e8       0x38 ./Src/main.o
 .debug_aranges
                0x0000000000000120       0x28 ./Src/ring_buffer.o
 .debug_aranges
                0x0000000000000148       0x38 ./Src/software_timers.o
 .debug_aranges
                0x0000000000000180       0x68 ./Src/sys_clocks.o
 .debug_aranges
                0x00000000000001e8       0x20 ./Src/sysmem.o
 .debug_aranges
                0x0000000000000208       0x38 ./Src/tester.o
 .debug_aranges
                0x0000000000000240       0x28 ./Startup/startup_stm32g474retx.o

.debug_rnglists
                0x0000000000000000      0x1a0
 .debug_rnglists
                0x0000000000000000       0x13 ./Src/interrupts.o
 .debug_rnglists
                0x0000000000000013       0x25 ./Src/led.o
 .debug_rnglists
                0x0000000000000038       0x67 ./Src/lpuart.o
 .debug_rnglists
                0x000000000000009f       0x26 ./Src/main.o
 .debug_rnglists
                0x00000000000000c5       0x19 ./Src/ring_buffer.o
 .debug_rnglists
                0x00000000000000de       0x25 ./Src/software_timers.o
 .debug_rnglists
                0x0000000000000103       0x4c ./Src/sys_clocks.o
 .debug_rnglists
                0x000000000000014f       0x13 ./Src/sysmem.o
 .debug_rnglists
                0x0000000000000162       0x25 ./Src/tester.o
 .debug_rnglists
                0x0000000000000187       0x19 ./Startup/startup_stm32g474retx.o

.debug_macro    0x0000000000000000    0x1c42b
 .debug_macro   0x0000000000000000       0xf9 ./Src/interrupts.o
 .debug_macro   0x00000000000000f9      0xab4 ./Src/interrupts.o
 .debug_macro   0x0000000000000bad       0x22 ./Src/interrupts.o
 .debug_macro   0x0000000000000bcf       0x8e ./Src/interrupts.o
 .debug_macro   0x0000000000000c5d       0x51 ./Src/interrupts.o
 .debug_macro   0x0000000000000cae      0x103 ./Src/interrupts.o
 .debug_macro   0x0000000000000db1       0x6a ./Src/interrupts.o
 .debug_macro   0x0000000000000e1b      0x1df ./Src/interrupts.o
 .debug_macro   0x0000000000000ffa       0x28 ./Src/interrupts.o
 .debug_macro   0x0000000000001022       0x28 ./Src/interrupts.o
 .debug_macro   0x000000000000104a       0x1c ./Src/interrupts.o
 .debug_macro   0x0000000000001066       0x22 ./Src/interrupts.o
 .debug_macro   0x0000000000001088       0xfb ./Src/interrupts.o
 .debug_macro   0x0000000000001183     0x1011 ./Src/interrupts.o
 .debug_macro   0x0000000000002194      0x11f ./Src/interrupts.o
 .debug_macro   0x00000000000022b3    0x18b45 ./Src/interrupts.o
 .debug_macro   0x000000000001adf8       0x6d ./Src/interrupts.o
 .debug_macro   0x000000000001ae65       0x28 ./Src/interrupts.o
 .debug_macro   0x000000000001ae8d       0x10 ./Src/interrupts.o
 .debug_macro   0x000000000001ae9d       0xf0 ./Src/led.o
 .debug_macro   0x000000000001af8d       0xf8 ./Src/lpuart.o
 .debug_macro   0x000000000001b085       0x10 ./Src/lpuart.o
 .debug_macro   0x000000000001b095      0x1f4 ./Src/main.o
 .debug_macro   0x000000000001b289       0x61 ./Src/main.o
 .debug_macro   0x000000000001b2ea       0x2a ./Src/main.o
 .debug_macro   0x000000000001b314       0x43 ./Src/main.o
 .debug_macro   0x000000000001b357       0x34 ./Src/main.o
 .debug_macro   0x000000000001b38b       0x16 ./Src/main.o
 .debug_macro   0x000000000001b3a1       0x97 ./Src/main.o
 .debug_macro   0x000000000001b438      0x369 ./Src/main.o
 .debug_macro   0x000000000001b7a1       0xfd ./Src/main.o
 .debug_macro   0x000000000001b89e       0x10 ./Src/main.o
 .debug_macro   0x000000000001b8ae       0x16 ./Src/main.o
 .debug_macro   0x000000000001b8c4       0x43 ./Src/main.o
 .debug_macro   0x000000000001b907       0x34 ./Src/main.o
 .debug_macro   0x000000000001b93b       0x10 ./Src/main.o
 .debug_macro   0x000000000001b94b       0x58 ./Src/main.o
 .debug_macro   0x000000000001b9a3       0x8e ./Src/main.o
 .debug_macro   0x000000000001ba31       0x1c ./Src/main.o
 .debug_macro   0x000000000001ba4d      0x177 ./Src/main.o
 .debug_macro   0x000000000001bbc4       0x16 ./Src/main.o
 .debug_macro   0x000000000001bbda       0x16 ./Src/main.o
 .debug_macro   0x000000000001bbf0      0x147 ./Src/main.o
 .debug_macro   0x000000000001bd37       0xef ./Src/ring_buffer.o
 .debug_macro   0x000000000001be26       0xf0 ./Src/software_timers.o
 .debug_macro   0x000000000001bf16       0xea ./Src/sys_clocks.o
 .debug_macro   0x000000000001c000       0xff ./Src/sysmem.o
 .debug_macro   0x000000000001c0ff      0x23c ./Src/sysmem.o
 .debug_macro   0x000000000001c33b       0xf0 ./Src/tester.o

.debug_line     0x0000000000000000     0x3776
 .debug_line    0x0000000000000000      0x51d ./Src/interrupts.o
 .debug_line    0x000000000000051d      0x550 ./Src/led.o
 .debug_line    0x0000000000000a6d      0x7b9 ./Src/lpuart.o
 .debug_line    0x0000000000001226      0x6f5 ./Src/main.o
 .debug_line    0x000000000000191b      0x56a ./Src/ring_buffer.o
 .debug_line    0x0000000000001e85      0x58e ./Src/software_timers.o
 .debug_line    0x0000000000002413      0x814 ./Src/sys_clocks.o
 .debug_line    0x0000000000002c27      0x57e ./Src/sysmem.o
 .debug_line    0x00000000000031a5      0x556 ./Src/tester.o
 .debug_line    0x00000000000036fb       0x7b ./Startup/startup_stm32g474retx.o

.debug_str      0x0000000000000000    0xa2ad0
 .debug_str     0x0000000000000000    0x9de5a ./Src/interrupts.o
                                      0x9dfe4 (size before relaxing)
 .debug_str     0x000000000009de5a      0x1d2 ./Src/led.o
                                      0x9e13f (size before relaxing)
 .debug_str     0x000000000009e02c      0x8b5 ./Src/lpuart.o
                                      0x9ea4e (size before relaxing)
 .debug_str     0x000000000009e8e1     0x3ae1 ./Src/main.o
                                      0xa1b9b (size before relaxing)
 .debug_str     0x00000000000a23c2       0x1d ./Src/ring_buffer.o
                                      0x9e002 (size before relaxing)
 .debug_str     0x00000000000a23df       0x43 ./Src/software_timers.o
                                      0x9e026 (size before relaxing)
 .debug_str     0x00000000000a2422      0x18b ./Src/sys_clocks.o
                                      0x9e972 (size before relaxing)
 .debug_str     0x00000000000a25ad      0x4d7 ./Src/sysmem.o
                                       0x6070 (size before relaxing)
 .debug_str     0x00000000000a2a84       0x1d ./Src/tester.o
                                      0x9e13d (size before relaxing)
 .debug_str     0x00000000000a2aa1       0x2f ./Startup/startup_stm32g474retx.o
                                         0x71 (size before relaxing)

.debug_frame    0x0000000000000000      0xbe8
 .debug_frame   0x0000000000000000       0x2c ./Src/interrupts.o
 .debug_frame   0x000000000000002c       0x90 ./Src/led.o
 .debug_frame   0x00000000000000bc      0x21c ./Src/lpuart.o
 .debug_frame   0x00000000000002d8       0x80 ./Src/main.o
 .debug_frame   0x0000000000000358       0x60 ./Src/ring_buffer.o
 .debug_frame   0x00000000000003b8       0xa8 ./Src/software_timers.o
 .debug_frame   0x0000000000000460      0x160 ./Src/sys_clocks.o
 .debug_frame   0x00000000000005c0       0x34 ./Src/sysmem.o
 .debug_frame   0x00000000000005f4       0x90 ./Src/tester.o
 .debug_frame   0x0000000000000684      0x144 C:/ST/STM32CubeIDE_1.14.0/STM32CubeIDE/plugins/com.st.stm32cube.ide.mcu.externaltools.gnu-tools-for-stm32.11.3.rel1.win32_1.1.100.202309141235/tools/bin/../lib/gcc/arm-none-eabi/11.3.1/../../../../arm-none-eabi/lib/thumb/v7e-m+fp/hard\libc_nano.a(libc_a-findfp.o)
 .debug_frame   0x00000000000007c8       0x6c C:/ST/STM32CubeIDE_1.14.0/STM32CubeIDE/plugins/com.st.stm32cube.ide.mcu.externaltools.gnu-tools-for-stm32.11.3.rel1.win32_1.1.100.202309141235/tools/bin/../lib/gcc/arm-none-eabi/11.3.1/../../../../arm-none-eabi/lib/thumb/v7e-m+fp/hard\libc_nano.a(libc_a-sprintf.o)
 .debug_frame   0x0000000000000834       0x38 C:/ST/STM32CubeIDE_1.14.0/STM32CubeIDE/plugins/com.st.stm32cube.ide.mcu.externaltools.gnu-tools-for-stm32.11.3.rel1.win32_1.1.100.202309141235/tools/bin/../lib/gcc/arm-none-eabi/11.3.1/../../../../arm-none-eabi/lib/thumb/v7e-m+fp/hard\libc_nano.a(libc_a-reent.o)
 .debug_frame   0x000000000000086c       0x20 C:/ST/STM32CubeIDE_1.14.0/STM32CubeIDE/plugins/com.st.stm32cube.ide.mcu.externaltools.gnu-tools-for-stm32.11.3.rel1.win32_1.1.100.202309141235/tools/bin/../lib/gcc/arm-none-eabi/11.3.1/../../../../arm-none-eabi/lib/thumb/v7e-m+fp/hard\libc_nano.a(libc_a-errno.o)
 .debug_frame   0x000000000000088c       0x2c C:/ST/STM32CubeIDE_1.14.0/STM32CubeIDE/plugins/com.st.stm32cube.ide.mcu.externaltools.gnu-tools-for-stm32.11.3.rel1.win32_1.1.100.202309141235/tools/bin/../lib/gcc/arm-none-eabi/11.3.1/../../../../arm-none-eabi/lib/thumb/v7e-m+fp/hard\libc_nano.a(libc_a-init.o)
 .debug_frame   0x00000000000008b8       0xb0 C:/ST/STM32CubeIDE_1.14.0/STM32CubeIDE/plugins/com.st.stm32cube.ide.mcu.externaltools.gnu-tools-for-stm32.11.3.rel1.win32_1.1.100.202309141235/tools/bin/../lib/gcc/arm-none-eabi/11.3.1/../../../../arm-none-eabi/lib/thumb/v7e-m+fp/hard\libc_nano.a(libc_a-lock.o)
 .debug_frame   0x0000000000000968       0x38 C:/ST/STM32CubeIDE_1.14.0/STM32CubeIDE/plugins/com.st.stm32cube.ide.mcu.externaltools.gnu-tools-for-stm32.11.3.rel1.win32_1.1.100.202309141235/tools/bin/../lib/gcc/arm-none-eabi/11.3.1/../../../../arm-none-eabi/lib/thumb/v7e-m+fp/hard\libc_nano.a(libc_a-freer.o)
 .debug_frame   0x00000000000009a0       0x50 C:/ST/STM32CubeIDE_1.14.0/STM32CubeIDE/plugins/com.st.stm32cube.ide.mcu.externaltools.gnu-tools-for-stm32.11.3.rel1.win32_1.1.100.202309141235/tools/bin/../lib/gcc/arm-none-eabi/11.3.1/../../../../arm-none-eabi/lib/thumb/v7e-m+fp/hard\libc_nano.a(libc_a-mallocr.o)
 .debug_frame   0x00000000000009f0       0x30 C:/ST/STM32CubeIDE_1.14.0/STM32CubeIDE/plugins/com.st.stm32cube.ide.mcu.externaltools.gnu-tools-for-stm32.11.3.rel1.win32_1.1.100.202309141235/tools/bin/../lib/gcc/arm-none-eabi/11.3.1/../../../../arm-none-eabi/lib/thumb/v7e-m+fp/hard\libc_nano.a(libc_a-mlock.o)
 .debug_frame   0x0000000000000a20       0x90 C:/ST/STM32CubeIDE_1.14.0/STM32CubeIDE/plugins/com.st.stm32cube.ide.mcu.externaltools.gnu-tools-for-stm32.11.3.rel1.win32_1.1.100.202309141235/tools/bin/../lib/gcc/arm-none-eabi/11.3.1/../../../../arm-none-eabi/lib/thumb/v7e-m+fp/hard\libc_nano.a(libc_a-nano-svfprintf.o)
 .debug_frame   0x0000000000000ab0       0x60 C:/ST/STM32CubeIDE_1.14.0/STM32CubeIDE/plugins/com.st.stm32cube.ide.mcu.externaltools.gnu-tools-for-stm32.11.3.rel1.win32_1.1.100.202309141235/tools/bin/../lib/gcc/arm-none-eabi/11.3.1/../../../../arm-none-eabi/lib/thumb/v7e-m+fp/hard\libc_nano.a(libc_a-nano-vfprintf_i.o)
 .debug_frame   0x0000000000000b10       0x28 C:/ST/STM32CubeIDE_1.14.0/STM32CubeIDE/plugins/com.st.stm32cube.ide.mcu.externaltools.gnu-tools-for-stm32.11.3.rel1.win32_1.1.100.202309141235/tools/bin/../lib/gcc/arm-none-eabi/11.3.1/../../../../arm-none-eabi/lib/thumb/v7e-m+fp/hard\libc_nano.a(libc_a-memmove.o)
 .debug_frame   0x0000000000000b38       0x2c C:/ST/STM32CubeIDE_1.14.0/STM32CubeIDE/plugins/com.st.stm32cube.ide.mcu.externaltools.gnu-tools-for-stm32.11.3.rel1.win32_1.1.100.202309141235/tools/bin/../lib/gcc/arm-none-eabi/11.3.1/../../../../arm-none-eabi/lib/thumb/v7e-m+fp/hard\libc_nano.a(libc_a-sbrkr.o)
 .debug_frame   0x0000000000000b64       0x28 C:/ST/STM32CubeIDE_1.14.0/STM32CubeIDE/plugins/com.st.stm32cube.ide.mcu.externaltools.gnu-tools-for-stm32.11.3.rel1.win32_1.1.100.202309141235/tools/bin/../lib/gcc/arm-none-eabi/11.3.1/../../../../arm-none-eabi/lib/thumb/v7e-m+fp/hard\libc_nano.a(libc_a-memcpy-stub.o)
 .debug_frame   0x0000000000000b8c       0x3c C:/ST/STM32CubeIDE_1.14.0/STM32CubeIDE/plugins/com.st.stm32cube.ide.mcu.externaltools.gnu-tools-for-stm32.11.3.rel1.win32_1.1.100.202309141235/tools/bin/../lib/gcc/arm-none-eabi/11.3.1/../../../../arm-none-eabi/lib/thumb/v7e-m+fp/hard\libc_nano.a(libc_a-reallocr.o)
 .debug_frame   0x0000000000000bc8       0x20 C:/ST/STM32CubeIDE_1.14.0/STM32CubeIDE/plugins/com.st.stm32cube.ide.mcu.externaltools.gnu-tools-for-stm32.11.3.rel1.win32_1.1.100.202309141235/tools/bin/../lib/gcc/arm-none-eabi/11.3.1/../../../../arm-none-eabi/lib/thumb/v7e-m+fp/hard\libc_nano.a(libc_a-msizer.o)

.debug_line_str
                0x0000000000000000       0x65
 .debug_line_str
                0x0000000000000000       0x65 ./Startup/startup_stm32g474retx.o
                                         0x7d (size before relaxing)
