../Drivers/CMSIS/Include/core_cm4.h:1809:22:__NVIC_SetPriority	16	static
../Drivers/CMSIS/Include/core_cm4.h:2017:26:SysTick_Config	16	static
../Src/sys_clocks.c:27:6:SystemClockHSE24	4	static
../Src/sys_clocks.c:44:6:SystemClockPLL48	4	static
../Src/sys_clocks.c:86:6:SystemClockPLL100	4	static
../Src/sys_clocks.c:132:6:SystemClockPLL170	4	static
../Src/sys_clocks.c:184:6:SystemClockSetup	8	static
../Src/sys_clocks.c:195:6:SysTick_Handler	4	static
../Src/sys_clocks.c:200:10:GetSystemTick	4	static
../Src/sys_clocks.c:206:6:Delay	24	static
